// Jest Snapshot v1, https://goo.gl/fbAQLP

exports[`PokemonPage component should match snapshot when pokemons are loaded 1`] = `
<div>
  <h1>Who is that Pok√©mon?</h1>
  <pokemon-picture-stub pokemonid="1" showpokemon="false"></pokemon-picture-stub>
  <pokemon-options-stub pokemons="[object Object],[object Object],[object Object],[object Object]"></pokemon-options-stub>
  <!--v-if-->
</div>
`;

exports[`PokemonPage component should match with the snapshot 1`] = `<h1>Please wait...</h1>`;
