// Jest Snapshot v1, https://goo.gl/fbAQLP

exports[`App component should match with the snapshot 1`] = `<pokemon-page-stub></pokemon-page-stub>`;
